00:00 +0: loading D:/akucode/frontend/test/widget_test.dart
flutter : lib/feature
s/auth/home_page_no_a
uth.dart:3:8: Error: 
Error when reading 'l
ib/home/widgets/home_
search_widget.dart': 
El sistema no puede 
encontrar la ruta 
especificada.
En línea: 1 
Carácter: 1
+ flutter test > 
test_output.txt 2>&1
+ ~~~~~~~~~~~~~~~~~~~
~~~~~~~~~~~~~~~~
    + CategoryInfo   
           : NotSpe  
  cified: (lib/fea   
 tures/au...a esp    
ecificada.:Strin    
g) [], RemoteExc    
eption
    + FullyQualified 
   ErrorId : Native  
  CommandError
 

import '../../home/wi
dgets/home_search_wid
get.dart';
       ^
lib/features/auth/hom
e_page_no_auth.dart:6
2:44: Error: Not a 
constant expression.
                     
 child: 
Center(child: 
HomeSearchWidget()),
                     
                     
 ^^^^^^^^^^^^^^^^
00:00 +0 -1: loading D:/akucode/frontend/test/widget_test.dart [E]
  Failed to load "D:/akucode/frontend/test/widget_test.dart":
  Compilation failed for testPath=D:/akucode/frontend/test/widget_test.dart: lib/features/auth/home_page_no_auth.dart:3:8: Error: Error when reading 'lib/home/widgets/home_search_widget.dart': El sistema no puede encontrar la ruta especificada.
  
  import '../../home/widgets/home_search_widget.dart';
         ^
  lib/features/auth/home_page_no_auth.dart:62:44: Error: Not a constant expression.
                        child: Center(child: HomeSearchWidget()),
                                             ^^^^^^^^^^^^^^^^
  .
00:00 +0 -1: Some tests failed.
